Archive member included because of file (symbol)

d:/hazim/01- embedded systems avr tools/01- imt sdk/imt_sdk_win_64/imt_sdk_win_64/winavr/bin/../lib/gcc/avr/4.3.3/avr5\libgcc.a(_mulsi3.o)
                              ./HAL/Clock/Source/Clock_Imp.o (__mulsi3)
d:/hazim/01- embedded systems avr tools/01- imt sdk/imt_sdk_win_64/imt_sdk_win_64/winavr/bin/../lib/gcc/avr/4.3.3/avr5\libgcc.a(_udivmodhi4.o)
                              ./HAL/Clock/Source/Clock_Imp.o (__udivmodhi4)
d:/hazim/01- embedded systems avr tools/01- imt sdk/imt_sdk_win_64/imt_sdk_win_64/winavr/bin/../lib/gcc/avr/4.3.3/avr5\libgcc.a(_udivmodsi4.o)
                              ./HAL/Clock/Source/Clock_Imp.o (__udivmodsi4)
d:/hazim/01- embedded systems avr tools/01- imt sdk/imt_sdk_win_64/imt_sdk_win_64/winavr/bin/../lib/gcc/avr/4.3.3/avr5\libgcc.a(_divmodsi4.o)
                              ./HAL/LCD4/Source/LCD4_Imp.o (__divmodsi4)
d:/hazim/01- embedded systems avr tools/01- imt sdk/imt_sdk_win_64/imt_sdk_win_64/winavr/bin/../lib/gcc/avr/4.3.3/avr5\libgcc.a(_exit.o)
                              d:/hazim/01- embedded systems avr tools/01- imt sdk/imt_sdk_win_64/imt_sdk_win_64/winavr/bin/../lib/gcc/avr/4.3.3/../../../../avr/lib/avr5/crtm32.o (exit)
d:/hazim/01- embedded systems avr tools/01- imt sdk/imt_sdk_win_64/imt_sdk_win_64/winavr/bin/../lib/gcc/avr/4.3.3/avr5\libgcc.a(_copy_data.o)
                              ./HAL/IR/Source/IR_Imp.o (__do_copy_data)
d:/hazim/01- embedded systems avr tools/01- imt sdk/imt_sdk_win_64/imt_sdk_win_64/winavr/bin/../lib/gcc/avr/4.3.3/avr5\libgcc.a(_clear_bss.o)
                              ./MCAL/Timer2/Source/TIMER2_Imp.o (__do_clear_bss)
d:/hazim/01- embedded systems avr tools/01- imt sdk/imt_sdk_win_64/imt_sdk_win_64/winavr/bin/../lib/gcc/avr/4.3.3/avr5\libgcc.a(_fixunssfsi.o)
                              ./HAL/LCD4/Source/LCD4_Imp.o (__fixunssfsi)
d:/hazim/01- embedded systems avr tools/01- imt sdk/imt_sdk_win_64/imt_sdk_win_64/winavr/bin/../lib/gcc/avr/4.3.3/avr5\libgcc.a(_addsub_sf.o)
                              d:/hazim/01- embedded systems avr tools/01- imt sdk/imt_sdk_win_64/imt_sdk_win_64/winavr/bin/../lib/gcc/avr/4.3.3/avr5\libgcc.a(_fixunssfsi.o) (__subsf3)
d:/hazim/01- embedded systems avr tools/01- imt sdk/imt_sdk_win_64/imt_sdk_win_64/winavr/bin/../lib/gcc/avr/4.3.3/avr5\libgcc.a(_mul_sf.o)
                              ./HAL/LCD4/Source/LCD4_Imp.o (__mulsf3)
d:/hazim/01- embedded systems avr tools/01- imt sdk/imt_sdk_win_64/imt_sdk_win_64/winavr/bin/../lib/gcc/avr/4.3.3/avr5\libgcc.a(_gt_sf.o)
                              ./HAL/LCD4/Source/LCD4_Imp.o (__gtsf2)
d:/hazim/01- embedded systems avr tools/01- imt sdk/imt_sdk_win_64/imt_sdk_win_64/winavr/bin/../lib/gcc/avr/4.3.3/avr5\libgcc.a(_ge_sf.o)
                              d:/hazim/01- embedded systems avr tools/01- imt sdk/imt_sdk_win_64/imt_sdk_win_64/winavr/bin/../lib/gcc/avr/4.3.3/avr5\libgcc.a(_fixunssfsi.o) (__gesf2)
d:/hazim/01- embedded systems avr tools/01- imt sdk/imt_sdk_win_64/imt_sdk_win_64/winavr/bin/../lib/gcc/avr/4.3.3/avr5\libgcc.a(_lt_sf.o)
                              ./HAL/LCD4/Source/LCD4_Imp.o (__ltsf2)
d:/hazim/01- embedded systems avr tools/01- imt sdk/imt_sdk_win_64/imt_sdk_win_64/winavr/bin/../lib/gcc/avr/4.3.3/avr5\libgcc.a(_sf_to_si.o)
                              ./HAL/LCD4/Source/LCD4_Imp.o (__fixsfsi)
d:/hazim/01- embedded systems avr tools/01- imt sdk/imt_sdk_win_64/imt_sdk_win_64/winavr/bin/../lib/gcc/avr/4.3.3/avr5\libgcc.a(_thenan_sf.o)
                              d:/hazim/01- embedded systems avr tools/01- imt sdk/imt_sdk_win_64/imt_sdk_win_64/winavr/bin/../lib/gcc/avr/4.3.3/avr5\libgcc.a(_addsub_sf.o) (__thenan_sf)
d:/hazim/01- embedded systems avr tools/01- imt sdk/imt_sdk_win_64/imt_sdk_win_64/winavr/bin/../lib/gcc/avr/4.3.3/avr5\libgcc.a(_prologue.o)
                              d:/hazim/01- embedded systems avr tools/01- imt sdk/imt_sdk_win_64/imt_sdk_win_64/winavr/bin/../lib/gcc/avr/4.3.3/avr5\libgcc.a(_addsub_sf.o) (__prologue_saves__)
d:/hazim/01- embedded systems avr tools/01- imt sdk/imt_sdk_win_64/imt_sdk_win_64/winavr/bin/../lib/gcc/avr/4.3.3/avr5\libgcc.a(_epilogue.o)
                              d:/hazim/01- embedded systems avr tools/01- imt sdk/imt_sdk_win_64/imt_sdk_win_64/winavr/bin/../lib/gcc/avr/4.3.3/avr5\libgcc.a(_addsub_sf.o) (__epilogue_restores__)
d:/hazim/01- embedded systems avr tools/01- imt sdk/imt_sdk_win_64/imt_sdk_win_64/winavr/bin/../lib/gcc/avr/4.3.3/avr5\libgcc.a(_pack_sf.o)
                              d:/hazim/01- embedded systems avr tools/01- imt sdk/imt_sdk_win_64/imt_sdk_win_64/winavr/bin/../lib/gcc/avr/4.3.3/avr5\libgcc.a(_addsub_sf.o) (__pack_f)
d:/hazim/01- embedded systems avr tools/01- imt sdk/imt_sdk_win_64/imt_sdk_win_64/winavr/bin/../lib/gcc/avr/4.3.3/avr5\libgcc.a(_unpack_sf.o)
                              d:/hazim/01- embedded systems avr tools/01- imt sdk/imt_sdk_win_64/imt_sdk_win_64/winavr/bin/../lib/gcc/avr/4.3.3/avr5\libgcc.a(_addsub_sf.o) (__unpack_f)
d:/hazim/01- embedded systems avr tools/01- imt sdk/imt_sdk_win_64/imt_sdk_win_64/winavr/bin/../lib/gcc/avr/4.3.3/avr5\libgcc.a(_fpcmp_parts_sf.o)
                              d:/hazim/01- embedded systems avr tools/01- imt sdk/imt_sdk_win_64/imt_sdk_win_64/winavr/bin/../lib/gcc/avr/4.3.3/avr5\libgcc.a(_gt_sf.o) (__fpcmp_parts_f)

Memory Configuration

Name             Origin             Length             Attributes
text             0x00000000         0x00020000         xr
data             0x00800060         0x0000ffa0         rw !x
eeprom           0x00810000         0x00010000         rw !x
fuse             0x00820000         0x00000400         rw !x
lock             0x00830000         0x00000400         rw !x
signature        0x00840000         0x00000400         rw !x
*default*        0x00000000         0xffffffff

Linker script and memory map

LOAD d:/hazim/01- embedded systems avr tools/01- imt sdk/imt_sdk_win_64/imt_sdk_win_64/winavr/bin/../lib/gcc/avr/4.3.3/../../../../avr/lib/avr5/crtm32.o
LOAD ./MCAL/Timer2/Source/TIMER2_Imp.o
LOAD ./MCAL/Timer1/Source/TI1_Imp.o
LOAD ./MCAL/Timer0/Source/TI0_Imp.o
LOAD ./MCAL/TWI/Source/TWI_Imp.o
LOAD ./MCAL/GIE/Source/GIE_Imp.o
LOAD ./MCAL/EXTI/Source/EXTI_Imp.o
LOAD ./MCAL/DIO/Source/DIO_Imp.o
LOAD ./HAL/LCD4/Source/LCD4_Imp.o
LOAD ./HAL/IR/Source/IR_Imp.o
LOAD ./HAL/Clock/Source/Clock_Imp.o
LOAD ./Application/main.o
LOAD d:/hazim/01- embedded systems avr tools/01- imt sdk/imt_sdk_win_64/imt_sdk_win_64/winavr/bin/../lib/gcc/avr/4.3.3/avr5\libgcc.a
LOAD d:/hazim/01- embedded systems avr tools/01- imt sdk/imt_sdk_win_64/imt_sdk_win_64/winavr/bin/../lib/gcc/avr/4.3.3/../../../../avr/lib/avr5\libc.a
LOAD d:/hazim/01- embedded systems avr tools/01- imt sdk/imt_sdk_win_64/imt_sdk_win_64/winavr/bin/../lib/gcc/avr/4.3.3/avr5\libgcc.a

.hash
 *(.hash)

.dynsym
 *(.dynsym)

.dynstr
 *(.dynstr)

.gnu.version
 *(.gnu.version)

.gnu.version_d
 *(.gnu.version_d)

.gnu.version_r
 *(.gnu.version_r)

.rel.init
 *(.rel.init)

.rela.init
 *(.rela.init)

.rel.text
 *(.rel.text)
 *(.rel.text.*)
 *(.rel.gnu.linkonce.t*)

.rela.text
 *(.rela.text)
 *(.rela.text.*)
 *(.rela.gnu.linkonce.t*)

.rel.fini
 *(.rel.fini)

.rela.fini
 *(.rela.fini)

.rel.rodata
 *(.rel.rodata)
 *(.rel.rodata.*)
 *(.rel.gnu.linkonce.r*)

.rela.rodata
 *(.rela.rodata)
 *(.rela.rodata.*)
 *(.rela.gnu.linkonce.r*)

.rel.data
 *(.rel.data)
 *(.rel.data.*)
 *(.rel.gnu.linkonce.d*)

.rela.data
 *(.rela.data)
 *(.rela.data.*)
 *(.rela.gnu.linkonce.d*)

.rel.ctors
 *(.rel.ctors)

.rela.ctors
 *(.rela.ctors)

.rel.dtors
 *(.rel.dtors)

.rela.dtors
 *(.rela.dtors)

.rel.got
 *(.rel.got)

.rela.got
 *(.rela.got)

.rel.bss
 *(.rel.bss)

.rela.bss
 *(.rela.bss)

.rel.plt
 *(.rel.plt)

.rela.plt
 *(.rela.plt)

.text           0x00000000     0x55cc
 *(.vectors)
 .vectors       0x00000000       0x54 d:/hazim/01- embedded systems avr tools/01- imt sdk/imt_sdk_win_64/imt_sdk_win_64/winavr/bin/../lib/gcc/avr/4.3.3/../../../../avr/lib/avr5/crtm32.o
                0x00000000                __vectors
                0x00000000                __vector_default
 *(.vectors)
 *(.progmem.gcc*)
 *(.progmem*)
                0x00000054                . = ALIGN (0x2)
                0x00000054                __trampolines_start = .
 *(.trampolines)
 .trampolines   0x00000054        0x0 linker stubs
 *(.trampolines*)
                0x00000054                __trampolines_end = .
 *(.jumptables)
 *(.jumptables*)
 *(.lowtext)
 *(.lowtext*)
                0x00000054                __ctors_start = .
 *(.ctors)
                0x00000054                __ctors_end = .
                0x00000054                __dtors_start = .
 *(.dtors)
                0x00000054                __dtors_end = .
 SORT(*)(.ctors)
 SORT(*)(.dtors)
 *(.init0)
 .init0         0x00000054        0x0 d:/hazim/01- embedded systems avr tools/01- imt sdk/imt_sdk_win_64/imt_sdk_win_64/winavr/bin/../lib/gcc/avr/4.3.3/../../../../avr/lib/avr5/crtm32.o
                0x00000054                __init
 *(.init0)
 *(.init1)
 *(.init1)
 *(.init2)
 .init2         0x00000054        0xc d:/hazim/01- embedded systems avr tools/01- imt sdk/imt_sdk_win_64/imt_sdk_win_64/winavr/bin/../lib/gcc/avr/4.3.3/../../../../avr/lib/avr5/crtm32.o
 *(.init2)
 *(.init3)
 *(.init3)
 *(.init4)
 .init4         0x00000060       0x16 d:/hazim/01- embedded systems avr tools/01- imt sdk/imt_sdk_win_64/imt_sdk_win_64/winavr/bin/../lib/gcc/avr/4.3.3/avr5\libgcc.a(_copy_data.o)
                0x00000060                __do_copy_data
 .init4         0x00000076       0x10 d:/hazim/01- embedded systems avr tools/01- imt sdk/imt_sdk_win_64/imt_sdk_win_64/winavr/bin/../lib/gcc/avr/4.3.3/avr5\libgcc.a(_clear_bss.o)
                0x00000076                __do_clear_bss
 *(.init4)
 *(.init5)
 *(.init5)
 *(.init6)
 *(.init6)
 *(.init7)
 *(.init7)
 *(.init8)
 *(.init8)
 *(.init9)
 .init9         0x00000086        0x8 d:/hazim/01- embedded systems avr tools/01- imt sdk/imt_sdk_win_64/imt_sdk_win_64/winavr/bin/../lib/gcc/avr/4.3.3/../../../../avr/lib/avr5/crtm32.o
 *(.init9)
 *(.text)
 .text          0x0000008e        0x4 d:/hazim/01- embedded systems avr tools/01- imt sdk/imt_sdk_win_64/imt_sdk_win_64/winavr/bin/../lib/gcc/avr/4.3.3/../../../../avr/lib/avr5/crtm32.o
                0x0000008e                __vector_12
                0x0000008e                __bad_interrupt
                0x0000008e                __vector_3
                0x0000008e                __vector_11
                0x0000008e                __vector_13
                0x0000008e                __vector_17
                0x0000008e                __vector_19
                0x0000008e                __vector_5
                0x0000008e                __vector_9
                0x0000008e                __vector_2
                0x0000008e                __vector_15
                0x0000008e                __vector_8
                0x0000008e                __vector_14
                0x0000008e                __vector_16
                0x0000008e                __vector_18
                0x0000008e                __vector_20
 .text          0x00000092        0x0 ./MCAL/Timer2/Source/TIMER2_Imp.o
 .text          0x00000092        0x0 ./MCAL/Timer1/Source/TI1_Imp.o
 .text          0x00000092        0x0 ./MCAL/Timer0/Source/TI0_Imp.o
 .text          0x00000092        0x0 ./MCAL/TWI/Source/TWI_Imp.o
 .text          0x00000092        0x0 ./MCAL/GIE/Source/GIE_Imp.o
 .text          0x00000092        0x0 ./MCAL/EXTI/Source/EXTI_Imp.o
 .text          0x00000092        0x0 ./MCAL/DIO/Source/DIO_Imp.o
 .text          0x00000092        0x0 ./HAL/LCD4/Source/LCD4_Imp.o
 .text          0x00000092        0x0 ./HAL/IR/Source/IR_Imp.o
 .text          0x00000092        0x0 ./HAL/Clock/Source/Clock_Imp.o
 .text          0x00000092        0x0 ./Application/main.o
 .text          0x00000092        0x0 d:/hazim/01- embedded systems avr tools/01- imt sdk/imt_sdk_win_64/imt_sdk_win_64/winavr/bin/../lib/gcc/avr/4.3.3/avr5\libgcc.a(_mulsi3.o)
 .text          0x00000092        0x0 d:/hazim/01- embedded systems avr tools/01- imt sdk/imt_sdk_win_64/imt_sdk_win_64/winavr/bin/../lib/gcc/avr/4.3.3/avr5\libgcc.a(_udivmodhi4.o)
 .text          0x00000092        0x0 d:/hazim/01- embedded systems avr tools/01- imt sdk/imt_sdk_win_64/imt_sdk_win_64/winavr/bin/../lib/gcc/avr/4.3.3/avr5\libgcc.a(_udivmodsi4.o)
 .text          0x00000092        0x0 d:/hazim/01- embedded systems avr tools/01- imt sdk/imt_sdk_win_64/imt_sdk_win_64/winavr/bin/../lib/gcc/avr/4.3.3/avr5\libgcc.a(_divmodsi4.o)
 .text          0x00000092        0x0 d:/hazim/01- embedded systems avr tools/01- imt sdk/imt_sdk_win_64/imt_sdk_win_64/winavr/bin/../lib/gcc/avr/4.3.3/avr5\libgcc.a(_exit.o)
 .text          0x00000092        0x0 d:/hazim/01- embedded systems avr tools/01- imt sdk/imt_sdk_win_64/imt_sdk_win_64/winavr/bin/../lib/gcc/avr/4.3.3/avr5\libgcc.a(_copy_data.o)
 .text          0x00000092        0x0 d:/hazim/01- embedded systems avr tools/01- imt sdk/imt_sdk_win_64/imt_sdk_win_64/winavr/bin/../lib/gcc/avr/4.3.3/avr5\libgcc.a(_clear_bss.o)
 .text          0x00000092       0x58 d:/hazim/01- embedded systems avr tools/01- imt sdk/imt_sdk_win_64/imt_sdk_win_64/winavr/bin/../lib/gcc/avr/4.3.3/avr5\libgcc.a(_fixunssfsi.o)
                0x00000092                __fixunssfsi
 .text          0x000000ea      0x354 d:/hazim/01- embedded systems avr tools/01- imt sdk/imt_sdk_win_64/imt_sdk_win_64/winavr/bin/../lib/gcc/avr/4.3.3/avr5\libgcc.a(_addsub_sf.o)
                0x00000382                __subsf3
                0x000003e4                __addsf3
 .text          0x0000043e      0x1f4 d:/hazim/01- embedded systems avr tools/01- imt sdk/imt_sdk_win_64/imt_sdk_win_64/winavr/bin/../lib/gcc/avr/4.3.3/avr5\libgcc.a(_mul_sf.o)
                0x0000043e                __mulsf3
 .text          0x00000632       0x60 d:/hazim/01- embedded systems avr tools/01- imt sdk/imt_sdk_win_64/imt_sdk_win_64/winavr/bin/../lib/gcc/avr/4.3.3/avr5\libgcc.a(_gt_sf.o)
                0x00000632                __gtsf2
 .text          0x00000692       0x60 d:/hazim/01- embedded systems avr tools/01- imt sdk/imt_sdk_win_64/imt_sdk_win_64/winavr/bin/../lib/gcc/avr/4.3.3/avr5\libgcc.a(_ge_sf.o)
                0x00000692                __gesf2
 .text          0x000006f2       0x60 d:/hazim/01- embedded systems avr tools/01- imt sdk/imt_sdk_win_64/imt_sdk_win_64/winavr/bin/../lib/gcc/avr/4.3.3/avr5\libgcc.a(_lt_sf.o)
                0x000006f2                __ltsf2
 .text          0x00000752       0xa8 d:/hazim/01- embedded systems avr tools/01- imt sdk/imt_sdk_win_64/imt_sdk_win_64/winavr/bin/../lib/gcc/avr/4.3.3/avr5\libgcc.a(_sf_to_si.o)
                0x00000752                __fixsfsi
 .text          0x000007fa        0x0 d:/hazim/01- embedded systems avr tools/01- imt sdk/imt_sdk_win_64/imt_sdk_win_64/winavr/bin/../lib/gcc/avr/4.3.3/avr5\libgcc.a(_thenan_sf.o)
 .text          0x000007fa        0x0 d:/hazim/01- embedded systems avr tools/01- imt sdk/imt_sdk_win_64/imt_sdk_win_64/winavr/bin/../lib/gcc/avr/4.3.3/avr5\libgcc.a(_prologue.o)
 .text          0x000007fa        0x0 d:/hazim/01- embedded systems avr tools/01- imt sdk/imt_sdk_win_64/imt_sdk_win_64/winavr/bin/../lib/gcc/avr/4.3.3/avr5\libgcc.a(_epilogue.o)
 .text          0x000007fa      0x1aa d:/hazim/01- embedded systems avr tools/01- imt sdk/imt_sdk_win_64/imt_sdk_win_64/winavr/bin/../lib/gcc/avr/4.3.3/avr5\libgcc.a(_pack_sf.o)
                0x000007fa                __pack_f
 .text          0x000009a4       0xf0 d:/hazim/01- embedded systems avr tools/01- imt sdk/imt_sdk_win_64/imt_sdk_win_64/winavr/bin/../lib/gcc/avr/4.3.3/avr5\libgcc.a(_unpack_sf.o)
                0x000009a4                __unpack_f
 .text          0x00000a94       0xb2 d:/hazim/01- embedded systems avr tools/01- imt sdk/imt_sdk_win_64/imt_sdk_win_64/winavr/bin/../lib/gcc/avr/4.3.3/avr5\libgcc.a(_fpcmp_parts_sf.o)
                0x00000a94                __fpcmp_parts_f
                0x00000b46                . = ALIGN (0x2)
 *(.text.*)
 .text.TI2_voidInit
                0x00000b46       0x70 ./MCAL/Timer2/Source/TIMER2_Imp.o
                0x00000b46                TI2_voidInit
 .text.TI2_voidDeInit
                0x00000bb6       0x4c ./MCAL/Timer2/Source/TIMER2_Imp.o
                0x00000bb6                TI2_voidDeInit
 .text.TI2_voidSetBusyWait
                0x00000c02       0x68 ./MCAL/Timer2/Source/TIMER2_Imp.o
                0x00000c02                TI2_voidSetBusyWait
 .text.TI2_CallBackFunctionCTC
                0x00000c6a       0x2c ./MCAL/Timer2/Source/TIMER2_Imp.o
                0x00000c6a                TI2_CallBackFunctionCTC
 .text.__vector_4
                0x00000c96       0x66 ./MCAL/Timer2/Source/TIMER2_Imp.o
                0x00000c96                __vector_4
 .text.ICU_voidSelectEdge
                0x00000cfc       0x56 ./MCAL/Timer1/Source/TI1_Imp.o
                0x00000cfc                ICU_voidSelectEdge
 .text.ICU_voidInit
                0x00000d52       0x8e ./MCAL/Timer1/Source/TI1_Imp.o
                0x00000d52                ICU_voidInit
 .text.ICU_CallBackFunction
                0x00000de0       0x2c ./MCAL/Timer1/Source/TI1_Imp.o
                0x00000de0                ICU_CallBackFunction
 .text.__vector_6
                0x00000e0c       0x66 ./MCAL/Timer1/Source/TI1_Imp.o
                0x00000e0c                __vector_6
 .text.ICU_voidResetTimer
                0x00000e72       0x16 ./MCAL/Timer1/Source/TI1_Imp.o
                0x00000e72                ICU_voidResetTimer
 .text.ICU_u16ReadTimer
                0x00000e88       0x16 ./MCAL/Timer1/Source/TI1_Imp.o
                0x00000e88                ICU_u16ReadTimer
 .text.TI1_voidDelayInit
                0x00000e9e      0x194 ./MCAL/Timer1/Source/TI1_Imp.o
                0x00000e9e                TI1_voidDelayInit
 .text.TI1_voidCTCInit
                0x00001032      0x19e ./MCAL/Timer1/Source/TI1_Imp.o
                0x00001032                TI1_voidCTCInit
 .text.TI1_voidSetBusyWait
                0x000011d0       0x8c ./MCAL/Timer1/Source/TI1_Imp.o
                0x000011d0                TI1_voidSetBusyWait
 .text.TI1_CallBackFunctionCTC
                0x0000125c       0x2c ./MCAL/Timer1/Source/TI1_Imp.o
                0x0000125c                TI1_CallBackFunctionCTC
 .text.__vector_7
                0x00001288       0x66 ./MCAL/Timer1/Source/TI1_Imp.o
                0x00001288                __vector_7
 .text.TI0_voidInitCTC
                0x000012ee      0x1ec ./MCAL/Timer0/Source/TI0_Imp.o
                0x000012ee                TI0_voidInitCTC
 .text.TI0_voidInitDelay
                0x000014da      0x1f2 ./MCAL/Timer0/Source/TI0_Imp.o
                0x000014da                TI0_voidInitDelay
 .text.TI0_voidDeinit
                0x000016cc       0x38 ./MCAL/Timer0/Source/TI0_Imp.o
                0x000016cc                TI0_voidDeinit
 .text.TI0_CallBackFunctionCTC
                0x00001704       0x2c ./MCAL/Timer0/Source/TI0_Imp.o
                0x00001704                TI0_CallBackFunctionCTC
 .text.__vector_10
                0x00001730       0x66 ./MCAL/Timer0/Source/TI0_Imp.o
                0x00001730                __vector_10
 .text.TI0_voidSetBusyWait
                0x00001796       0xa6 ./MCAL/Timer0/Source/TI0_Imp.o
                0x00001796                TI0_voidSetBusyWait
 .text.TWI_VoidMasterInit
                0x0000183c       0x40 ./MCAL/TWI/Source/TWI_Imp.o
                0x0000183c                TWI_VoidMasterInit
 .text.TWI_u32StartCondition
                0x0000187c       0x54 ./MCAL/TWI/Source/TWI_Imp.o
                0x0000187c                TWI_u32StartCondition
 .text.TWI_VoidReStartCondition
                0x000018d0       0x54 ./MCAL/TWI/Source/TWI_Imp.o
                0x000018d0                TWI_VoidReStartCondition
 .text.TWI_VoidSendSlaveAddressWithWriteACK
                0x00001924       0x5c ./MCAL/TWI/Source/TWI_Imp.o
                0x00001924                TWI_VoidSendSlaveAddressWithWriteACK
 .text.TWI_VoidSendSlaveAddressWithWriteNACK
                0x00001980       0x6a ./MCAL/TWI/Source/TWI_Imp.o
                0x00001980                TWI_VoidSendSlaveAddressWithWriteNACK
 .text.TWI_VoidSendSlaveAddressWithReadACK
                0x000019ea       0x6a ./MCAL/TWI/Source/TWI_Imp.o
                0x000019ea                TWI_VoidSendSlaveAddressWithReadACK
 .text.TWI_VoidSendSlaveAddressWithReadNACK
                0x00001a54       0x6a ./MCAL/TWI/Source/TWI_Imp.o
                0x00001a54                TWI_VoidSendSlaveAddressWithReadNACK
 .text.TWI_VoidMasterWriteDataACK
                0x00001abe       0x4c ./MCAL/TWI/Source/TWI_Imp.o
                0x00001abe                TWI_VoidMasterWriteDataACK
 .text.TWI_VoidMasterWriteDataNACK
                0x00001b0a       0x4c ./MCAL/TWI/Source/TWI_Imp.o
                0x00001b0a                TWI_VoidMasterWriteDataNACK
 .text.TWI_u8MasterReadDataACK
                0x00001b56       0x6a ./MCAL/TWI/Source/TWI_Imp.o
                0x00001b56                TWI_u8MasterReadDataACK
 .text.TWI_u8MasterReadDataNACK
                0x00001bc0       0x6a ./MCAL/TWI/Source/TWI_Imp.o
                0x00001bc0                TWI_u8MasterReadDataNACK
 .text.TWI_VoidStopCondition
                0x00001c2a       0x16 ./MCAL/TWI/Source/TWI_Imp.o
                0x00001c2a                TWI_VoidStopCondition
 .text.TWI_VoidSlaveInit
                0x00001c40       0x2c ./MCAL/TWI/Source/TWI_Imp.o
                0x00001c40                TWI_VoidSlaveInit
 .text.GIE_voidEN
                0x00001c6c       0x1c ./MCAL/GIE/Source/GIE_Imp.o
                0x00001c6c                GIE_voidEN
 .text.GIE_voidDis
                0x00001c88       0x1c ./MCAL/GIE/Source/GIE_Imp.o
                0x00001c88                GIE_voidDis
 .text.EXTI_voidInit0
                0x00001ca4       0xf6 ./MCAL/EXTI/Source/EXTI_Imp.o
                0x00001ca4                EXTI_voidInit0
 .text.EXTI_voidDeinit0
                0x00001d9a       0x1c ./MCAL/EXTI/Source/EXTI_Imp.o
                0x00001d9a                EXTI_voidDeinit0
 .text.EXTI_voidInit1
                0x00001db6       0xec ./MCAL/EXTI/Source/EXTI_Imp.o
                0x00001db6                EXTI_voidInit1
 .text.EXTI_voidInit2
                0x00001ea2       0x74 ./MCAL/EXTI/Source/EXTI_Imp.o
                0x00001ea2                EXTI_voidInit2
 .text.EXTI_CallBackFunction
                0x00001f16       0x2c ./MCAL/EXTI/Source/EXTI_Imp.o
                0x00001f16                EXTI_CallBackFunction
 .text.__vector_1
                0x00001f42       0x66 ./MCAL/EXTI/Source/EXTI_Imp.o
                0x00001f42                __vector_1
 .text.DIO_u8SetPinDir
                0x00001fa8      0x234 ./MCAL/DIO/Source/DIO_Imp.o
                0x00001fa8                DIO_u8SetPinDir
 .text.DIO_u8SetPinValue
                0x000021dc      0x234 ./MCAL/DIO/Source/DIO_Imp.o
                0x000021dc                DIO_u8SetPinValue
 .text.DIO_u8GetPinValue
                0x00002410      0x136 ./MCAL/DIO/Source/DIO_Imp.o
                0x00002410                DIO_u8GetPinValue
 .text.DIO_u8SetPortDir
                0x00002546       0x9e ./MCAL/DIO/Source/DIO_Imp.o
                0x00002546                DIO_u8SetPortDir
 .text.DIO_u8SetPortValue
                0x000025e4       0x9e ./MCAL/DIO/Source/DIO_Imp.o
                0x000025e4                DIO_u8SetPortValue
 .text.DIO_u8GetPortValue
                0x00002682       0xb4 ./MCAL/DIO/Source/DIO_Imp.o
                0x00002682                DIO_u8GetPortValue
 .text.DIO_u8ControlPullUp
                0x00002736      0x32a ./MCAL/DIO/Source/DIO_Imp.o
                0x00002736                DIO_u8ControlPullUp
 .text.LCD4_voidInit
                0x00002a60      0xc1c ./HAL/LCD4/Source/LCD4_Imp.o
                0x00002a60                LCD4_voidInit
 .text.LCD4_voidWriteCommand
                0x0000367c      0x24e ./HAL/LCD4/Source/LCD4_Imp.o
                0x0000367c                LCD4_voidWriteCommand
 .text.LCD4_voidWriteChar
                0x000038ca      0x24e ./HAL/LCD4/Source/LCD4_Imp.o
                0x000038ca                LCD4_voidWriteChar
 .text.LCD4_voidStartCommunication
                0x00003b18       0x18 ./HAL/LCD4/Source/LCD4_Imp.o
                0x00003b18                LCD4_voidStartCommunication
 .text.LCD4_voidStopCommunication
                0x00003b30       0x12 ./HAL/LCD4/Source/LCD4_Imp.o
                0x00003b30                LCD4_voidStopCommunication
 .text.LCD4_voidRestartCommunication
                0x00003b42       0x18 ./HAL/LCD4/Source/LCD4_Imp.o
                0x00003b42                LCD4_voidRestartCommunication
 .text.LCD4_voidSendInitCommands
                0x00003b5a       0x32 ./HAL/LCD4/Source/LCD4_Imp.o
                0x00003b5a                LCD4_voidSendInitCommands
 .text.LCD4_voidWriteString
                0x00003b8c       0x6c ./HAL/LCD4/Source/LCD4_Imp.o
                0x00003b8c                LCD4_voidWriteString
 .text.LCD4_ptrIntToString
                0x00003bf8      0x18a ./HAL/LCD4/Source/LCD4_Imp.o
                0x00003bf8                LCD4_ptrIntToString
 .text.LCD4_voidWriteIntData
                0x00003d82       0x6a ./HAL/LCD4/Source/LCD4_Imp.o
                0x00003d82                LCD4_voidWriteIntData
 .text.LCD4_voidWriteFloatData
                0x00003dec      0x13e ./HAL/LCD4/Source/LCD4_Imp.o
                0x00003dec                LCD4_voidWriteFloatData
 .text.LCD4_voidDisplaySpecialChar
                0x00003f2a       0x9a ./HAL/LCD4/Source/LCD4_Imp.o
                0x00003f2a                LCD4_voidDisplaySpecialChar
 .text.LCD4_voidGoToPosition
                0x00003fc4       0x42 ./HAL/LCD4/Source/LCD4_Imp.o
                0x00003fc4                LCD4_voidGoToPosition
 .text.IR_voidInit
                0x00004006       0x1a ./HAL/IR/Source/IR_Imp.o
                0x00004006                IR_voidInit
 .text.IR_voidReadSignal
                0x00004020      0x11e ./HAL/IR/Source/IR_Imp.o
                0x00004020                IR_voidReadSignal
 .text.Clock_InitializeClockPosition
                0x0000413e       0xda ./HAL/Clock/Source/Clock_Imp.o
                0x0000413e                Clock_InitializeClockPosition
 .text.Clock_Setup
                0x00004218       0x50 ./HAL/Clock/Source/Clock_Imp.o
                0x00004218                Clock_Setup
 .text.Clock_UpdateTime
                0x00004268       0x3c ./HAL/Clock/Source/Clock_Imp.o
                0x00004268                Clock_UpdateTime
 .text.Clock_CycleDone
                0x000042a4       0xf0 ./HAL/Clock/Source/Clock_Imp.o
                0x000042a4                Clock_CycleDone
 .text.Clock_delayMicroseconds
                0x00004394       0x44 ./HAL/Clock/Source/Clock_Imp.o
                0x00004394                Clock_delayMicroseconds
 .text.Clock_delayMilliseconds
                0x000043d8       0x44 ./HAL/Clock/Source/Clock_Imp.o
                0x000043d8                Clock_delayMilliseconds
 .text.Clock_CalculateTime
                0x0000441c      0x2a0 ./HAL/Clock/Source/Clock_Imp.o
                0x0000441c                Clock_CalculateTime
 .text.Clock_CheckIRInput
                0x000046bc      0x1f2 ./HAL/Clock/Source/Clock_Imp.o
                0x000046bc                Clock_CheckIRInput
 .text.Clock_DisplayAnalogHourNumber
                0x000048ae      0x170 ./HAL/Clock/Source/Clock_Imp.o
                0x000048ae                Clock_DisplayAnalogHourNumber
 .text.Clock_DisplayArrow
                0x00004a1e      0x138 ./HAL/Clock/Source/Clock_Imp.o
                0x00004a1e                Clock_DisplayArrow
 .text.Clock_DisplayMiniDigits
                0x00004b56      0x2e0 ./HAL/Clock/Source/Clock_Imp.o
                0x00004b56                Clock_DisplayMiniDigits
 .text.Clock_AnalogMode
                0x00004e36       0x92 ./HAL/Clock/Source/Clock_Imp.o
                0x00004e36                Clock_AnalogMode
 .text.Clock_DigitalMode
                0x00004ec8      0x31e ./HAL/Clock/Source/Clock_Imp.o
                0x00004ec8                Clock_DigitalMode
 .text.Clock_HybridMode
                0x000051e6       0x92 ./HAL/Clock/Source/Clock_Imp.o
                0x000051e6                Clock_HybridMode
 .text.Clock_POV
                0x00005278       0xe0 ./HAL/Clock/Source/Clock_Imp.o
                0x00005278                Clock_POV
 .text.Clock_MotorSpeed
                0x00005358       0x34 ./HAL/Clock/Source/Clock_Imp.o
                0x00005358                Clock_MotorSpeed
 .text.Clock_Reset
                0x0000538c       0x56 ./HAL/Clock/Source/Clock_Imp.o
                0x0000538c                Clock_Reset
 .text.main     0x000053e2       0x98 ./Application/main.o
                0x000053e2                main
 .text.libgcc   0x0000547a       0x3e d:/hazim/01- embedded systems avr tools/01- imt sdk/imt_sdk_win_64/imt_sdk_win_64/winavr/bin/../lib/gcc/avr/4.3.3/avr5\libgcc.a(_mulsi3.o)
                0x0000547a                __mulsi3
 .text.libgcc   0x000054b8       0x28 d:/hazim/01- embedded systems avr tools/01- imt sdk/imt_sdk_win_64/imt_sdk_win_64/winavr/bin/../lib/gcc/avr/4.3.3/avr5\libgcc.a(_udivmodhi4.o)
                0x000054b8                __udivmodhi4
 .text.libgcc   0x000054e0       0x44 d:/hazim/01- embedded systems avr tools/01- imt sdk/imt_sdk_win_64/imt_sdk_win_64/winavr/bin/../lib/gcc/avr/4.3.3/avr5\libgcc.a(_udivmodsi4.o)
                0x000054e0                __udivmodsi4
 .text.libgcc   0x00005524       0x36 d:/hazim/01- embedded systems avr tools/01- imt sdk/imt_sdk_win_64/imt_sdk_win_64/winavr/bin/../lib/gcc/avr/4.3.3/avr5\libgcc.a(_divmodsi4.o)
                0x00005524                __divmodsi4
 .text.libgcc   0x0000555a        0x0 d:/hazim/01- embedded systems avr tools/01- imt sdk/imt_sdk_win_64/imt_sdk_win_64/winavr/bin/../lib/gcc/avr/4.3.3/avr5\libgcc.a(_exit.o)
 .text.libgcc   0x0000555a        0x0 d:/hazim/01- embedded systems avr tools/01- imt sdk/imt_sdk_win_64/imt_sdk_win_64/winavr/bin/../lib/gcc/avr/4.3.3/avr5\libgcc.a(_copy_data.o)
 .text.libgcc   0x0000555a        0x0 d:/hazim/01- embedded systems avr tools/01- imt sdk/imt_sdk_win_64/imt_sdk_win_64/winavr/bin/../lib/gcc/avr/4.3.3/avr5\libgcc.a(_clear_bss.o)
 .text.libgcc   0x0000555a       0x38 d:/hazim/01- embedded systems avr tools/01- imt sdk/imt_sdk_win_64/imt_sdk_win_64/winavr/bin/../lib/gcc/avr/4.3.3/avr5\libgcc.a(_prologue.o)
                0x0000555a                __prologue_saves__
 .text.libgcc   0x00005592       0x36 d:/hazim/01- embedded systems avr tools/01- imt sdk/imt_sdk_win_64/imt_sdk_win_64/winavr/bin/../lib/gcc/avr/4.3.3/avr5\libgcc.a(_epilogue.o)
                0x00005592                __epilogue_restores__
                0x000055c8                . = ALIGN (0x2)
 *(.fini9)
 .fini9         0x000055c8        0x0 d:/hazim/01- embedded systems avr tools/01- imt sdk/imt_sdk_win_64/imt_sdk_win_64/winavr/bin/../lib/gcc/avr/4.3.3/avr5\libgcc.a(_exit.o)
                0x000055c8                exit
                0x000055c8                _exit
 *(.fini9)
 *(.fini8)
 *(.fini8)
 *(.fini7)
 *(.fini7)
 *(.fini6)
 *(.fini6)
 *(.fini5)
 *(.fini5)
 *(.fini4)
 *(.fini4)
 *(.fini3)
 *(.fini3)
 *(.fini2)
 *(.fini2)
 *(.fini1)
 *(.fini1)
 *(.fini0)
 .fini0         0x000055c8        0x4 d:/hazim/01- embedded systems avr tools/01- imt sdk/imt_sdk_win_64/imt_sdk_win_64/winavr/bin/../lib/gcc/avr/4.3.3/avr5\libgcc.a(_exit.o)
 *(.fini0)
                0x000055cc                _etext = .

.data           0x00800060       0xf0 load address 0x000055cc
                0x00800060                PROVIDE (__data_start, .)
 *(.data)
 .data          0x00800060        0x0 d:/hazim/01- embedded systems avr tools/01- imt sdk/imt_sdk_win_64/imt_sdk_win_64/winavr/bin/../lib/gcc/avr/4.3.3/../../../../avr/lib/avr5/crtm32.o
 .data          0x00800060        0x0 ./MCAL/Timer2/Source/TIMER2_Imp.o
 .data          0x00800060        0x0 ./MCAL/Timer1/Source/TI1_Imp.o
 .data          0x00800060        0x0 ./MCAL/Timer0/Source/TI0_Imp.o
 .data          0x00800060        0x0 ./MCAL/TWI/Source/TWI_Imp.o
 .data          0x00800060        0x0 ./MCAL/GIE/Source/GIE_Imp.o
 .data          0x00800060        0x0 ./MCAL/EXTI/Source/EXTI_Imp.o
 .data          0x00800060        0x0 ./MCAL/DIO/Source/DIO_Imp.o
 .data          0x00800060        0x0 ./HAL/LCD4/Source/LCD4_Imp.o
 .data          0x00800060        0x0 ./HAL/IR/Source/IR_Imp.o
 .data          0x00800060        0x0 ./HAL/Clock/Source/Clock_Imp.o
 .data          0x00800060        0x0 ./Application/main.o
 .data          0x00800060        0x0 d:/hazim/01- embedded systems avr tools/01- imt sdk/imt_sdk_win_64/imt_sdk_win_64/winavr/bin/../lib/gcc/avr/4.3.3/avr5\libgcc.a(_mulsi3.o)
 .data          0x00800060        0x0 d:/hazim/01- embedded systems avr tools/01- imt sdk/imt_sdk_win_64/imt_sdk_win_64/winavr/bin/../lib/gcc/avr/4.3.3/avr5\libgcc.a(_udivmodhi4.o)
 .data          0x00800060        0x0 d:/hazim/01- embedded systems avr tools/01- imt sdk/imt_sdk_win_64/imt_sdk_win_64/winavr/bin/../lib/gcc/avr/4.3.3/avr5\libgcc.a(_udivmodsi4.o)
 .data          0x00800060        0x0 d:/hazim/01- embedded systems avr tools/01- imt sdk/imt_sdk_win_64/imt_sdk_win_64/winavr/bin/../lib/gcc/avr/4.3.3/avr5\libgcc.a(_divmodsi4.o)
 .data          0x00800060        0x0 d:/hazim/01- embedded systems avr tools/01- imt sdk/imt_sdk_win_64/imt_sdk_win_64/winavr/bin/../lib/gcc/avr/4.3.3/avr5\libgcc.a(_exit.o)
 .data          0x00800060        0x0 d:/hazim/01- embedded systems avr tools/01- imt sdk/imt_sdk_win_64/imt_sdk_win_64/winavr/bin/../lib/gcc/avr/4.3.3/avr5\libgcc.a(_copy_data.o)
 .data          0x00800060        0x0 d:/hazim/01- embedded systems avr tools/01- imt sdk/imt_sdk_win_64/imt_sdk_win_64/winavr/bin/../lib/gcc/avr/4.3.3/avr5\libgcc.a(_clear_bss.o)
 .data          0x00800060        0x0 d:/hazim/01- embedded systems avr tools/01- imt sdk/imt_sdk_win_64/imt_sdk_win_64/winavr/bin/../lib/gcc/avr/4.3.3/avr5\libgcc.a(_fixunssfsi.o)
 .data          0x00800060        0x0 d:/hazim/01- embedded systems avr tools/01- imt sdk/imt_sdk_win_64/imt_sdk_win_64/winavr/bin/../lib/gcc/avr/4.3.3/avr5\libgcc.a(_addsub_sf.o)
 .data          0x00800060        0x0 d:/hazim/01- embedded systems avr tools/01- imt sdk/imt_sdk_win_64/imt_sdk_win_64/winavr/bin/../lib/gcc/avr/4.3.3/avr5\libgcc.a(_mul_sf.o)
 .data          0x00800060        0x0 d:/hazim/01- embedded systems avr tools/01- imt sdk/imt_sdk_win_64/imt_sdk_win_64/winavr/bin/../lib/gcc/avr/4.3.3/avr5\libgcc.a(_gt_sf.o)
 .data          0x00800060        0x0 d:/hazim/01- embedded systems avr tools/01- imt sdk/imt_sdk_win_64/imt_sdk_win_64/winavr/bin/../lib/gcc/avr/4.3.3/avr5\libgcc.a(_ge_sf.o)
 .data          0x00800060        0x0 d:/hazim/01- embedded systems avr tools/01- imt sdk/imt_sdk_win_64/imt_sdk_win_64/winavr/bin/../lib/gcc/avr/4.3.3/avr5\libgcc.a(_lt_sf.o)
 .data          0x00800060        0x0 d:/hazim/01- embedded systems avr tools/01- imt sdk/imt_sdk_win_64/imt_sdk_win_64/winavr/bin/../lib/gcc/avr/4.3.3/avr5\libgcc.a(_sf_to_si.o)
 .data          0x00800060        0x8 d:/hazim/01- embedded systems avr tools/01- imt sdk/imt_sdk_win_64/imt_sdk_win_64/winavr/bin/../lib/gcc/avr/4.3.3/avr5\libgcc.a(_thenan_sf.o)
                0x00800060                __thenan_sf
 .data          0x00800068        0x0 d:/hazim/01- embedded systems avr tools/01- imt sdk/imt_sdk_win_64/imt_sdk_win_64/winavr/bin/../lib/gcc/avr/4.3.3/avr5\libgcc.a(_prologue.o)
 .data          0x00800068        0x0 d:/hazim/01- embedded systems avr tools/01- imt sdk/imt_sdk_win_64/imt_sdk_win_64/winavr/bin/../lib/gcc/avr/4.3.3/avr5\libgcc.a(_epilogue.o)
 .data          0x00800068        0x0 d:/hazim/01- embedded systems avr tools/01- imt sdk/imt_sdk_win_64/imt_sdk_win_64/winavr/bin/../lib/gcc/avr/4.3.3/avr5\libgcc.a(_pack_sf.o)
 .data          0x00800068        0x0 d:/hazim/01- embedded systems avr tools/01- imt sdk/imt_sdk_win_64/imt_sdk_win_64/winavr/bin/../lib/gcc/avr/4.3.3/avr5\libgcc.a(_unpack_sf.o)
 .data          0x00800068        0x0 d:/hazim/01- embedded systems avr tools/01- imt sdk/imt_sdk_win_64/imt_sdk_win_64/winavr/bin/../lib/gcc/avr/4.3.3/avr5\libgcc.a(_fpcmp_parts_sf.o)
 *(.data*)
 .data.Local_BitCounter.1218
                0x00800068        0x1 ./HAL/IR/Source/IR_Imp.o
 .data.clockPointCounter
                0x00800069        0x2 ./HAL/Clock/Source/Clock_Imp.o
 .data.currentSecondLocation
                0x0080006b        0x2 ./HAL/Clock/Source/Clock_Imp.o
 .data.currentMinuteLocation
                0x0080006d        0x2 ./HAL/Clock/Source/Clock_Imp.o
 .data.currentHourLocation
                0x0080006f        0x2 ./HAL/Clock/Source/Clock_Imp.o
 .data.currentMinute
                0x00800071        0x2 ./HAL/Clock/Source/Clock_Imp.o
 .data.currentHour
                0x00800073        0x2 ./HAL/Clock/Source/Clock_Imp.o
 .data.resetTimer
                0x00800075        0x1 ./HAL/Clock/Source/Clock_Imp.o
 .data.clockCycleDelays
                0x00800076        0x3 ./HAL/Clock/Source/Clock_Imp.o
 .data.cycleDelay
                0x00800079        0x1 ./HAL/Clock/Source/Clock_Imp.o
 .data.miniDigitalMatrix
                0x0080007a       0x32 ./HAL/Clock/Source/Clock_Imp.o
 .data.digitalMatrix
                0x008000ac       0x6e ./HAL/Clock/Source/Clock_Imp.o
 .data.MINI_IMT
                0x0080011a       0x15 ./HAL/Clock/Source/Clock_Imp.o
 .data.IMT      0x0080012f       0x21 ./HAL/Clock/Source/Clock_Imp.o
 *(.rodata)
 *(.rodata*)
 *(.gnu.linkonce.d*)
                0x00800150                . = ALIGN (0x2)
                0x00800150                _edata = .
                0x00800150                PROVIDE (__data_end, .)

.bss            0x00800150       0x2b
                0x00800150                PROVIDE (__bss_start, .)
 *(.bss)
 .bss           0x00800150        0x0 d:/hazim/01- embedded systems avr tools/01- imt sdk/imt_sdk_win_64/imt_sdk_win_64/winavr/bin/../lib/gcc/avr/4.3.3/../../../../avr/lib/avr5/crtm32.o
 .bss           0x00800150        0x0 ./MCAL/Timer2/Source/TIMER2_Imp.o
 .bss           0x00800150        0x0 ./MCAL/Timer1/Source/TI1_Imp.o
 .bss           0x00800150        0x0 ./MCAL/Timer0/Source/TI0_Imp.o
 .bss           0x00800150        0x0 ./MCAL/TWI/Source/TWI_Imp.o
 .bss           0x00800150        0x0 ./MCAL/GIE/Source/GIE_Imp.o
 .bss           0x00800150        0x0 ./MCAL/EXTI/Source/EXTI_Imp.o
 .bss           0x00800150        0x0 ./MCAL/DIO/Source/DIO_Imp.o
 .bss           0x00800150        0x0 ./HAL/LCD4/Source/LCD4_Imp.o
 .bss           0x00800150        0x0 ./HAL/IR/Source/IR_Imp.o
 .bss           0x00800150        0x0 ./HAL/Clock/Source/Clock_Imp.o
 .bss           0x00800150        0x0 ./Application/main.o
 .bss           0x00800150        0x0 d:/hazim/01- embedded systems avr tools/01- imt sdk/imt_sdk_win_64/imt_sdk_win_64/winavr/bin/../lib/gcc/avr/4.3.3/avr5\libgcc.a(_mulsi3.o)
 .bss           0x00800150        0x0 d:/hazim/01- embedded systems avr tools/01- imt sdk/imt_sdk_win_64/imt_sdk_win_64/winavr/bin/../lib/gcc/avr/4.3.3/avr5\libgcc.a(_udivmodhi4.o)
 .bss           0x00800150        0x0 d:/hazim/01- embedded systems avr tools/01- imt sdk/imt_sdk_win_64/imt_sdk_win_64/winavr/bin/../lib/gcc/avr/4.3.3/avr5\libgcc.a(_udivmodsi4.o)
 .bss           0x00800150        0x0 d:/hazim/01- embedded systems avr tools/01- imt sdk/imt_sdk_win_64/imt_sdk_win_64/winavr/bin/../lib/gcc/avr/4.3.3/avr5\libgcc.a(_divmodsi4.o)
 .bss           0x00800150        0x0 d:/hazim/01- embedded systems avr tools/01- imt sdk/imt_sdk_win_64/imt_sdk_win_64/winavr/bin/../lib/gcc/avr/4.3.3/avr5\libgcc.a(_exit.o)
 .bss           0x00800150        0x0 d:/hazim/01- embedded systems avr tools/01- imt sdk/imt_sdk_win_64/imt_sdk_win_64/winavr/bin/../lib/gcc/avr/4.3.3/avr5\libgcc.a(_copy_data.o)
 .bss           0x00800150        0x0 d:/hazim/01- embedded systems avr tools/01- imt sdk/imt_sdk_win_64/imt_sdk_win_64/winavr/bin/../lib/gcc/avr/4.3.3/avr5\libgcc.a(_clear_bss.o)
 .bss           0x00800150        0x0 d:/hazim/01- embedded systems avr tools/01- imt sdk/imt_sdk_win_64/imt_sdk_win_64/winavr/bin/../lib/gcc/avr/4.3.3/avr5\libgcc.a(_fixunssfsi.o)
 .bss           0x00800150        0x0 d:/hazim/01- embedded systems avr tools/01- imt sdk/imt_sdk_win_64/imt_sdk_win_64/winavr/bin/../lib/gcc/avr/4.3.3/avr5\libgcc.a(_addsub_sf.o)
 .bss           0x00800150        0x0 d:/hazim/01- embedded systems avr tools/01- imt sdk/imt_sdk_win_64/imt_sdk_win_64/winavr/bin/../lib/gcc/avr/4.3.3/avr5\libgcc.a(_mul_sf.o)
 .bss           0x00800150        0x0 d:/hazim/01- embedded systems avr tools/01- imt sdk/imt_sdk_win_64/imt_sdk_win_64/winavr/bin/../lib/gcc/avr/4.3.3/avr5\libgcc.a(_gt_sf.o)
 .bss           0x00800150        0x0 d:/hazim/01- embedded systems avr tools/01- imt sdk/imt_sdk_win_64/imt_sdk_win_64/winavr/bin/../lib/gcc/avr/4.3.3/avr5\libgcc.a(_ge_sf.o)
 .bss           0x00800150        0x0 d:/hazim/01- embedded systems avr tools/01- imt sdk/imt_sdk_win_64/imt_sdk_win_64/winavr/bin/../lib/gcc/avr/4.3.3/avr5\libgcc.a(_lt_sf.o)
 .bss           0x00800150        0x0 d:/hazim/01- embedded systems avr tools/01- imt sdk/imt_sdk_win_64/imt_sdk_win_64/winavr/bin/../lib/gcc/avr/4.3.3/avr5\libgcc.a(_sf_to_si.o)
 .bss           0x00800150        0x0 d:/hazim/01- embedded systems avr tools/01- imt sdk/imt_sdk_win_64/imt_sdk_win_64/winavr/bin/../lib/gcc/avr/4.3.3/avr5\libgcc.a(_thenan_sf.o)
 .bss           0x00800150        0x0 d:/hazim/01- embedded systems avr tools/01- imt sdk/imt_sdk_win_64/imt_sdk_win_64/winavr/bin/../lib/gcc/avr/4.3.3/avr5\libgcc.a(_prologue.o)
 .bss           0x00800150        0x0 d:/hazim/01- embedded systems avr tools/01- imt sdk/imt_sdk_win_64/imt_sdk_win_64/winavr/bin/../lib/gcc/avr/4.3.3/avr5\libgcc.a(_epilogue.o)
 .bss           0x00800150        0x0 d:/hazim/01- embedded systems avr tools/01- imt sdk/imt_sdk_win_64/imt_sdk_win_64/winavr/bin/../lib/gcc/avr/4.3.3/avr5\libgcc.a(_pack_sf.o)
 .bss           0x00800150        0x0 d:/hazim/01- embedded systems avr tools/01- imt sdk/imt_sdk_win_64/imt_sdk_win_64/winavr/bin/../lib/gcc/avr/4.3.3/avr5\libgcc.a(_unpack_sf.o)
 .bss           0x00800150        0x0 d:/hazim/01- embedded systems avr tools/01- imt sdk/imt_sdk_win_64/imt_sdk_win_64/winavr/bin/../lib/gcc/avr/4.3.3/avr5\libgcc.a(_fpcmp_parts_sf.o)
 *(.bss*)
 .bss.GPTF_CTC  0x00800150        0x2 ./MCAL/Timer2/Source/TIMER2_Imp.o
 .bss.GPTF_ICU  0x00800152        0x2 ./MCAL/Timer1/Source/TI1_Imp.o
 .bss.GPTF_CTC  0x00800154        0x2 ./MCAL/Timer1/Source/TI1_Imp.o
 .bss.CompareValue
                0x00800156        0x1 ./MCAL/Timer0/Source/TI0_Imp.o
                0x00800156                CompareValue
 .bss.GPTF_CTC  0x00800157        0x2 ./MCAL/Timer0/Source/TI0_Imp.o
 .bss.GPTF_INT0
                0x00800159        0x2 ./MCAL/EXTI/Source/EXTI_Imp.o
 .bss.number    0x0080015b        0x4 ./HAL/IR/Source/IR_Imp.o
 .bss.hoursLeftNumber
                0x0080015f        0x1 ./HAL/Clock/Source/Clock_Imp.o
 .bss.hoursRightNumber
                0x00800160        0x1 ./HAL/Clock/Source/Clock_Imp.o
 .bss.minutesLeftNumber
                0x00800161        0x1 ./HAL/Clock/Source/Clock_Imp.o
 .bss.minutesRightNumber
                0x00800162        0x1 ./HAL/Clock/Source/Clock_Imp.o
 .bss.secondsLeftNumber
                0x00800163        0x1 ./HAL/Clock/Source/Clock_Imp.o
 .bss.secondsRightNumber
                0x00800164        0x1 ./HAL/Clock/Source/Clock_Imp.o
 .bss.delayBreak
                0x00800165        0x1 ./HAL/Clock/Source/Clock_Imp.o
 .bss.clockOn   0x00800166        0x1 ./HAL/Clock/Source/Clock_Imp.o
                0x00800166                clockOn
 .bss.updateTime
                0x00800167        0x1 ./HAL/Clock/Source/Clock_Imp.o
                0x00800167                updateTime
 .bss.IRsignal  0x00800168        0x4 ./HAL/Clock/Source/Clock_Imp.o
                0x00800168                IRsignal
 .bss.disableIR
                0x0080016c        0x1 ./HAL/Clock/Source/Clock_Imp.o
                0x0080016c                disableIR
 .bss.power     0x0080016d        0x1 ./HAL/Clock/Source/Clock_Imp.o
                0x0080016d                power
 .bss.mode      0x0080016e        0x1 ./HAL/Clock/Source/Clock_Imp.o
                0x0080016e                mode
 .bss.motorCycleTime
                0x0080016f        0x4 ./HAL/Clock/Source/Clock_Imp.o
 .bss.cycleTimeCounter
                0x00800173        0x4 ./HAL/Clock/Source/Clock_Imp.o
 .bss.PORTB_Values
                0x00800177        0x1 ./HAL/Clock/Source/Clock_Imp.o
 .bss.PORTA_Values
                0x00800178        0x1 ./HAL/Clock/Source/Clock_Imp.o
 .bss.Local_Counter.1350
                0x00800179        0x2 ./HAL/Clock/Source/Clock_Imp.o
 *(COMMON)
                0x0080017b                PROVIDE (__bss_end, .)
                0x000055cc                __data_load_start = LOADADDR (.data)
                0x000056bc                __data_load_end = (__data_load_start + SIZEOF (.data))

.noinit         0x0080017b        0x0
                0x0080017b                PROVIDE (__noinit_start, .)
 *(.noinit*)
                0x0080017b                PROVIDE (__noinit_end, .)
                0x0080017b                _end = .
                0x0080017b                PROVIDE (__heap_start, .)

.eeprom         0x00810000        0x0
 *(.eeprom*)
                0x00810000                __eeprom_end = .

.fuse
 *(.fuse)
 *(.lfuse)
 *(.hfuse)
 *(.efuse)

.lock
 *(.lock*)

.signature
 *(.signature*)

.stab           0x00000000     0x5400
 *(.stab)
 .stab          0x00000000      0x3a8 ./MCAL/Timer2/Source/TIMER2_Imp.o
 .stab          0x000003a8      0x720 ./MCAL/Timer1/Source/TI1_Imp.o
                                0x72c (size before relaxing)
 .stab          0x00000ac8      0x63c ./MCAL/Timer0/Source/TI0_Imp.o
                                0x648 (size before relaxing)
 .stab          0x00001104      0x96c ./MCAL/TWI/Source/TWI_Imp.o
                                0x978 (size before relaxing)
 .stab          0x00001a70      0x1bc ./MCAL/GIE/Source/GIE_Imp.o
                                0x1c8 (size before relaxing)
 .stab          0x00001c2c      0x468 ./MCAL/EXTI/Source/EXTI_Imp.o
                                0x474 (size before relaxing)
 .stab          0x00002094      0x9f0 ./MCAL/DIO/Source/DIO_Imp.o
                                0x9fc (size before relaxing)
 .stab          0x00002a84     0x162c ./HAL/LCD4/Source/LCD4_Imp.o
                               0x1638 (size before relaxing)
 .stab          0x000040b0      0x2d0 ./HAL/IR/Source/IR_Imp.o
                                0x2dc (size before relaxing)
 .stab          0x00004380      0xe10 ./HAL/Clock/Source/Clock_Imp.o
                                0xe1c (size before relaxing)
 .stab          0x00005190      0x270 ./Application/main.o
                                0x27c (size before relaxing)

.stabstr        0x00000000     0x23fb
 *(.stabstr)
 .stabstr       0x00000000     0x23fb ./MCAL/Timer2/Source/TIMER2_Imp.o

.stab.excl
 *(.stab.excl)

.stab.exclstr
 *(.stab.exclstr)

.stab.index
 *(.stab.index)

.stab.indexstr
 *(.stab.indexstr)

.comment
 *(.comment)

.debug
 *(.debug)

.line
 *(.line)

.debug_srcinfo
 *(.debug_srcinfo)

.debug_sfnames
 *(.debug_sfnames)

.debug_aranges  0x00000000      0x140
 *(.debug_aranges)
 .debug_aranges
                0x00000000       0x20 d:/hazim/01- embedded systems avr tools/01- imt sdk/imt_sdk_win_64/imt_sdk_win_64/winavr/bin/../lib/gcc/avr/4.3.3/avr5\libgcc.a(_fixunssfsi.o)
 .debug_aranges
                0x00000020       0x20 d:/hazim/01- embedded systems avr tools/01- imt sdk/imt_sdk_win_64/imt_sdk_win_64/winavr/bin/../lib/gcc/avr/4.3.3/avr5\libgcc.a(_addsub_sf.o)
 .debug_aranges
                0x00000040       0x20 d:/hazim/01- embedded systems avr tools/01- imt sdk/imt_sdk_win_64/imt_sdk_win_64/winavr/bin/../lib/gcc/avr/4.3.3/avr5\libgcc.a(_mul_sf.o)
 .debug_aranges
                0x00000060       0x20 d:/hazim/01- embedded systems avr tools/01- imt sdk/imt_sdk_win_64/imt_sdk_win_64/winavr/bin/../lib/gcc/avr/4.3.3/avr5\libgcc.a(_gt_sf.o)
 .debug_aranges
                0x00000080       0x20 d:/hazim/01- embedded systems avr tools/01- imt sdk/imt_sdk_win_64/imt_sdk_win_64/winavr/bin/../lib/gcc/avr/4.3.3/avr5\libgcc.a(_ge_sf.o)
 .debug_aranges
                0x000000a0       0x20 d:/hazim/01- embedded systems avr tools/01- imt sdk/imt_sdk_win_64/imt_sdk_win_64/winavr/bin/../lib/gcc/avr/4.3.3/avr5\libgcc.a(_lt_sf.o)
 .debug_aranges
                0x000000c0       0x20 d:/hazim/01- embedded systems avr tools/01- imt sdk/imt_sdk_win_64/imt_sdk_win_64/winavr/bin/../lib/gcc/avr/4.3.3/avr5\libgcc.a(_sf_to_si.o)
 .debug_aranges
                0x000000e0       0x20 d:/hazim/01- embedded systems avr tools/01- imt sdk/imt_sdk_win_64/imt_sdk_win_64/winavr/bin/../lib/gcc/avr/4.3.3/avr5\libgcc.a(_pack_sf.o)
 .debug_aranges
                0x00000100       0x20 d:/hazim/01- embedded systems avr tools/01- imt sdk/imt_sdk_win_64/imt_sdk_win_64/winavr/bin/../lib/gcc/avr/4.3.3/avr5\libgcc.a(_unpack_sf.o)
 .debug_aranges
                0x00000120       0x20 d:/hazim/01- embedded systems avr tools/01- imt sdk/imt_sdk_win_64/imt_sdk_win_64/winavr/bin/../lib/gcc/avr/4.3.3/avr5\libgcc.a(_fpcmp_parts_sf.o)

.debug_pubnames
                0x00000000      0x170
 *(.debug_pubnames)
 .debug_pubnames
                0x00000000       0x23 d:/hazim/01- embedded systems avr tools/01- imt sdk/imt_sdk_win_64/imt_sdk_win_64/winavr/bin/../lib/gcc/avr/4.3.3/avr5\libgcc.a(_fixunssfsi.o)
 .debug_pubnames
                0x00000023       0x2c d:/hazim/01- embedded systems avr tools/01- imt sdk/imt_sdk_win_64/imt_sdk_win_64/winavr/bin/../lib/gcc/avr/4.3.3/avr5\libgcc.a(_addsub_sf.o)
 .debug_pubnames
                0x0000004f       0x1f d:/hazim/01- embedded systems avr tools/01- imt sdk/imt_sdk_win_64/imt_sdk_win_64/winavr/bin/../lib/gcc/avr/4.3.3/avr5\libgcc.a(_mul_sf.o)
 .debug_pubnames
                0x0000006e       0x1e d:/hazim/01- embedded systems avr tools/01- imt sdk/imt_sdk_win_64/imt_sdk_win_64/winavr/bin/../lib/gcc/avr/4.3.3/avr5\libgcc.a(_gt_sf.o)
 .debug_pubnames
                0x0000008c       0x1e d:/hazim/01- embedded systems avr tools/01- imt sdk/imt_sdk_win_64/imt_sdk_win_64/winavr/bin/../lib/gcc/avr/4.3.3/avr5\libgcc.a(_ge_sf.o)
 .debug_pubnames
                0x000000aa       0x1e d:/hazim/01- embedded systems avr tools/01- imt sdk/imt_sdk_win_64/imt_sdk_win_64/winavr/bin/../lib/gcc/avr/4.3.3/avr5\libgcc.a(_lt_sf.o)
 .debug_pubnames
                0x000000c8       0x20 d:/hazim/01- embedded systems avr tools/01- imt sdk/imt_sdk_win_64/imt_sdk_win_64/winavr/bin/../lib/gcc/avr/4.3.3/avr5\libgcc.a(_sf_to_si.o)
 .debug_pubnames
                0x000000e8       0x22 d:/hazim/01- embedded systems avr tools/01- imt sdk/imt_sdk_win_64/imt_sdk_win_64/winavr/bin/../lib/gcc/avr/4.3.3/avr5\libgcc.a(_thenan_sf.o)
 .debug_pubnames
                0x0000010a       0x1f d:/hazim/01- embedded systems avr tools/01- imt sdk/imt_sdk_win_64/imt_sdk_win_64/winavr/bin/../lib/gcc/avr/4.3.3/avr5\libgcc.a(_pack_sf.o)
 .debug_pubnames
                0x00000129       0x21 d:/hazim/01- embedded systems avr tools/01- imt sdk/imt_sdk_win_64/imt_sdk_win_64/winavr/bin/../lib/gcc/avr/4.3.3/avr5\libgcc.a(_unpack_sf.o)
 .debug_pubnames
                0x0000014a       0x26 d:/hazim/01- embedded systems avr tools/01- imt sdk/imt_sdk_win_64/imt_sdk_win_64/winavr/bin/../lib/gcc/avr/4.3.3/avr5\libgcc.a(_fpcmp_parts_sf.o)

.debug_info     0x00000000     0x1c49
 *(.debug_info)
 .debug_info    0x00000000       0xb1 d:/hazim/01- embedded systems avr tools/01- imt sdk/imt_sdk_win_64/imt_sdk_win_64/winavr/bin/../lib/gcc/avr/4.3.3/avr5\libgcc.a(_fixunssfsi.o)
 .debug_info    0x000000b1      0x47a d:/hazim/01- embedded systems avr tools/01- imt sdk/imt_sdk_win_64/imt_sdk_win_64/winavr/bin/../lib/gcc/avr/4.3.3/avr5\libgcc.a(_addsub_sf.o)
 .debug_info    0x0000052b      0x485 d:/hazim/01- embedded systems avr tools/01- imt sdk/imt_sdk_win_64/imt_sdk_win_64/winavr/bin/../lib/gcc/avr/4.3.3/avr5\libgcc.a(_mul_sf.o)
 .debug_info    0x000009b0      0x27f d:/hazim/01- embedded systems avr tools/01- imt sdk/imt_sdk_win_64/imt_sdk_win_64/winavr/bin/../lib/gcc/avr/4.3.3/avr5\libgcc.a(_gt_sf.o)
 .debug_info    0x00000c2f      0x27f d:/hazim/01- embedded systems avr tools/01- imt sdk/imt_sdk_win_64/imt_sdk_win_64/winavr/bin/../lib/gcc/avr/4.3.3/avr5\libgcc.a(_ge_sf.o)
 .debug_info    0x00000eae      0x27f d:/hazim/01- embedded systems avr tools/01- imt sdk/imt_sdk_win_64/imt_sdk_win_64/winavr/bin/../lib/gcc/avr/4.3.3/avr5\libgcc.a(_lt_sf.o)
 .debug_info    0x0000112d      0x2b0 d:/hazim/01- embedded systems avr tools/01- imt sdk/imt_sdk_win_64/imt_sdk_win_64/winavr/bin/../lib/gcc/avr/4.3.3/avr5\libgcc.a(_sf_to_si.o)
 .debug_info    0x000013dd      0x12c d:/hazim/01- embedded systems avr tools/01- imt sdk/imt_sdk_win_64/imt_sdk_win_64/winavr/bin/../lib/gcc/avr/4.3.3/avr5\libgcc.a(_thenan_sf.o)
 .debug_info    0x00001509      0x2df d:/hazim/01- embedded systems avr tools/01- imt sdk/imt_sdk_win_64/imt_sdk_win_64/winavr/bin/../lib/gcc/avr/4.3.3/avr5\libgcc.a(_pack_sf.o)
 .debug_info    0x000017e8      0x251 d:/hazim/01- embedded systems avr tools/01- imt sdk/imt_sdk_win_64/imt_sdk_win_64/winavr/bin/../lib/gcc/avr/4.3.3/avr5\libgcc.a(_unpack_sf.o)
 .debug_info    0x00001a39      0x210 d:/hazim/01- embedded systems avr tools/01- imt sdk/imt_sdk_win_64/imt_sdk_win_64/winavr/bin/../lib/gcc/avr/4.3.3/avr5\libgcc.a(_fpcmp_parts_sf.o)
 *(.gnu.linkonce.wi.*)

.debug_abbrev   0x00000000      0xeeb
 *(.debug_abbrev)
 .debug_abbrev  0x00000000       0x5d d:/hazim/01- embedded systems avr tools/01- imt sdk/imt_sdk_win_64/imt_sdk_win_64/winavr/bin/../lib/gcc/avr/4.3.3/avr5\libgcc.a(_fixunssfsi.o)
 .debug_abbrev  0x0000005d      0x1ea d:/hazim/01- embedded systems avr tools/01- imt sdk/imt_sdk_win_64/imt_sdk_win_64/winavr/bin/../lib/gcc/avr/4.3.3/avr5\libgcc.a(_addsub_sf.o)
 .debug_abbrev  0x00000247      0x21b d:/hazim/01- embedded systems avr tools/01- imt sdk/imt_sdk_win_64/imt_sdk_win_64/winavr/bin/../lib/gcc/avr/4.3.3/avr5\libgcc.a(_mul_sf.o)
 .debug_abbrev  0x00000462      0x15a d:/hazim/01- embedded systems avr tools/01- imt sdk/imt_sdk_win_64/imt_sdk_win_64/winavr/bin/../lib/gcc/avr/4.3.3/avr5\libgcc.a(_gt_sf.o)
 .debug_abbrev  0x000005bc      0x15a d:/hazim/01- embedded systems avr tools/01- imt sdk/imt_sdk_win_64/imt_sdk_win_64/winavr/bin/../lib/gcc/avr/4.3.3/avr5\libgcc.a(_ge_sf.o)
 .debug_abbrev  0x00000716      0x15a d:/hazim/01- embedded systems avr tools/01- imt sdk/imt_sdk_win_64/imt_sdk_win_64/winavr/bin/../lib/gcc/avr/4.3.3/avr5\libgcc.a(_lt_sf.o)
 .debug_abbrev  0x00000870      0x17f d:/hazim/01- embedded systems avr tools/01- imt sdk/imt_sdk_win_64/imt_sdk_win_64/winavr/bin/../lib/gcc/avr/4.3.3/avr5\libgcc.a(_sf_to_si.o)
 .debug_abbrev  0x000009ef       0xad d:/hazim/01- embedded systems avr tools/01- imt sdk/imt_sdk_win_64/imt_sdk_win_64/winavr/bin/../lib/gcc/avr/4.3.3/avr5\libgcc.a(_thenan_sf.o)
 .debug_abbrev  0x00000a9c      0x1c0 d:/hazim/01- embedded systems avr tools/01- imt sdk/imt_sdk_win_64/imt_sdk_win_64/winavr/bin/../lib/gcc/avr/4.3.3/avr5\libgcc.a(_pack_sf.o)
 .debug_abbrev  0x00000c5c      0x154 d:/hazim/01- embedded systems avr tools/01- imt sdk/imt_sdk_win_64/imt_sdk_win_64/winavr/bin/../lib/gcc/avr/4.3.3/avr5\libgcc.a(_unpack_sf.o)
 .debug_abbrev  0x00000db0      0x13b d:/hazim/01- embedded systems avr tools/01- imt sdk/imt_sdk_win_64/imt_sdk_win_64/winavr/bin/../lib/gcc/avr/4.3.3/avr5\libgcc.a(_fpcmp_parts_sf.o)

.debug_line     0x00000000      0xdad
 *(.debug_line)
 .debug_line    0x00000000       0xa7 d:/hazim/01- embedded systems avr tools/01- imt sdk/imt_sdk_win_64/imt_sdk_win_64/winavr/bin/../lib/gcc/avr/4.3.3/avr5\libgcc.a(_fixunssfsi.o)
 .debug_line    0x000000a7      0x2af d:/hazim/01- embedded systems avr tools/01- imt sdk/imt_sdk_win_64/imt_sdk_win_64/winavr/bin/../lib/gcc/avr/4.3.3/avr5\libgcc.a(_addsub_sf.o)
 .debug_line    0x00000356      0x239 d:/hazim/01- embedded systems avr tools/01- imt sdk/imt_sdk_win_64/imt_sdk_win_64/winavr/bin/../lib/gcc/avr/4.3.3/avr5\libgcc.a(_mul_sf.o)
 .debug_line    0x0000058f       0xd3 d:/hazim/01- embedded systems avr tools/01- imt sdk/imt_sdk_win_64/imt_sdk_win_64/winavr/bin/../lib/gcc/avr/4.3.3/avr5\libgcc.a(_gt_sf.o)
 .debug_line    0x00000662       0xd3 d:/hazim/01- embedded systems avr tools/01- imt sdk/imt_sdk_win_64/imt_sdk_win_64/winavr/bin/../lib/gcc/avr/4.3.3/avr5\libgcc.a(_ge_sf.o)
 .debug_line    0x00000735       0xd3 d:/hazim/01- embedded systems avr tools/01- imt sdk/imt_sdk_win_64/imt_sdk_win_64/winavr/bin/../lib/gcc/avr/4.3.3/avr5\libgcc.a(_lt_sf.o)
 .debug_line    0x00000808      0x109 d:/hazim/01- embedded systems avr tools/01- imt sdk/imt_sdk_win_64/imt_sdk_win_64/winavr/bin/../lib/gcc/avr/4.3.3/avr5\libgcc.a(_sf_to_si.o)
 .debug_line    0x00000911       0x90 d:/hazim/01- embedded systems avr tools/01- imt sdk/imt_sdk_win_64/imt_sdk_win_64/winavr/bin/../lib/gcc/avr/4.3.3/avr5\libgcc.a(_thenan_sf.o)
 .debug_line    0x000009a1      0x18a d:/hazim/01- embedded systems avr tools/01- imt sdk/imt_sdk_win_64/imt_sdk_win_64/winavr/bin/../lib/gcc/avr/4.3.3/avr5\libgcc.a(_pack_sf.o)
 .debug_line    0x00000b2b      0x14b d:/hazim/01- embedded systems avr tools/01- imt sdk/imt_sdk_win_64/imt_sdk_win_64/winavr/bin/../lib/gcc/avr/4.3.3/avr5\libgcc.a(_unpack_sf.o)
 .debug_line    0x00000c76      0x137 d:/hazim/01- embedded systems avr tools/01- imt sdk/imt_sdk_win_64/imt_sdk_win_64/winavr/bin/../lib/gcc/avr/4.3.3/avr5\libgcc.a(_fpcmp_parts_sf.o)

.debug_frame    0x00000000      0x160
 *(.debug_frame)
 .debug_frame   0x00000000       0x20 d:/hazim/01- embedded systems avr tools/01- imt sdk/imt_sdk_win_64/imt_sdk_win_64/winavr/bin/../lib/gcc/avr/4.3.3/avr5\libgcc.a(_fixunssfsi.o)
 .debug_frame   0x00000020       0x40 d:/hazim/01- embedded systems avr tools/01- imt sdk/imt_sdk_win_64/imt_sdk_win_64/winavr/bin/../lib/gcc/avr/4.3.3/avr5\libgcc.a(_addsub_sf.o)
 .debug_frame   0x00000060       0x20 d:/hazim/01- embedded systems avr tools/01- imt sdk/imt_sdk_win_64/imt_sdk_win_64/winavr/bin/../lib/gcc/avr/4.3.3/avr5\libgcc.a(_mul_sf.o)
 .debug_frame   0x00000080       0x20 d:/hazim/01- embedded systems avr tools/01- imt sdk/imt_sdk_win_64/imt_sdk_win_64/winavr/bin/../lib/gcc/avr/4.3.3/avr5\libgcc.a(_gt_sf.o)
 .debug_frame   0x000000a0       0x20 d:/hazim/01- embedded systems avr tools/01- imt sdk/imt_sdk_win_64/imt_sdk_win_64/winavr/bin/../lib/gcc/avr/4.3.3/avr5\libgcc.a(_ge_sf.o)
 .debug_frame   0x000000c0       0x20 d:/hazim/01- embedded systems avr tools/01- imt sdk/imt_sdk_win_64/imt_sdk_win_64/winavr/bin/../lib/gcc/avr/4.3.3/avr5\libgcc.a(_lt_sf.o)
 .debug_frame   0x000000e0       0x20 d:/hazim/01- embedded systems avr tools/01- imt sdk/imt_sdk_win_64/imt_sdk_win_64/winavr/bin/../lib/gcc/avr/4.3.3/avr5\libgcc.a(_sf_to_si.o)
 .debug_frame   0x00000100       0x20 d:/hazim/01- embedded systems avr tools/01- imt sdk/imt_sdk_win_64/imt_sdk_win_64/winavr/bin/../lib/gcc/avr/4.3.3/avr5\libgcc.a(_pack_sf.o)
 .debug_frame   0x00000120       0x20 d:/hazim/01- embedded systems avr tools/01- imt sdk/imt_sdk_win_64/imt_sdk_win_64/winavr/bin/../lib/gcc/avr/4.3.3/avr5\libgcc.a(_unpack_sf.o)
 .debug_frame   0x00000140       0x20 d:/hazim/01- embedded systems avr tools/01- imt sdk/imt_sdk_win_64/imt_sdk_win_64/winavr/bin/../lib/gcc/avr/4.3.3/avr5\libgcc.a(_fpcmp_parts_sf.o)

.debug_str      0x00000000      0x28d
 *(.debug_str)
 .debug_str     0x00000000       0xbf d:/hazim/01- embedded systems avr tools/01- imt sdk/imt_sdk_win_64/imt_sdk_win_64/winavr/bin/../lib/gcc/avr/4.3.3/avr5\libgcc.a(_fixunssfsi.o)
                                 0xfe (size before relaxing)
 .debug_str     0x000000bf      0x14d d:/hazim/01- embedded systems avr tools/01- imt sdk/imt_sdk_win_64/imt_sdk_win_64/winavr/bin/../lib/gcc/avr/4.3.3/avr5\libgcc.a(_addsub_sf.o)
                                0x206 (size before relaxing)
 .debug_str     0x0000020c       0x27 d:/hazim/01- embedded systems avr tools/01- imt sdk/imt_sdk_win_64/imt_sdk_win_64/winavr/bin/../lib/gcc/avr/4.3.3/avr5\libgcc.a(_mul_sf.o)
                                0x1bf (size before relaxing)
 .debug_str     0x00000233        0xf d:/hazim/01- embedded systems avr tools/01- imt sdk/imt_sdk_win_64/imt_sdk_win_64/winavr/bin/../lib/gcc/avr/4.3.3/avr5\libgcc.a(_gt_sf.o)
                                0x195 (size before relaxing)
 .debug_str     0x00000242        0x8 d:/hazim/01- embedded systems avr tools/01- imt sdk/imt_sdk_win_64/imt_sdk_win_64/winavr/bin/../lib/gcc/avr/4.3.3/avr5\libgcc.a(_ge_sf.o)
                                0x195 (size before relaxing)
 .debug_str     0x0000024a        0x8 d:/hazim/01- embedded systems avr tools/01- imt sdk/imt_sdk_win_64/imt_sdk_win_64/winavr/bin/../lib/gcc/avr/4.3.3/avr5\libgcc.a(_lt_sf.o)
                                0x195 (size before relaxing)
 .debug_str     0x00000252        0xa d:/hazim/01- embedded systems avr tools/01- imt sdk/imt_sdk_win_64/imt_sdk_win_64/winavr/bin/../lib/gcc/avr/4.3.3/avr5\libgcc.a(_sf_to_si.o)
                                0x19e (size before relaxing)
 .debug_str     0x00000000      0x103 d:/hazim/01- embedded systems avr tools/01- imt sdk/imt_sdk_win_64/imt_sdk_win_64/winavr/bin/../lib/gcc/avr/4.3.3/avr5\libgcc.a(_thenan_sf.o)
 .debug_str     0x0000025c       0x16 d:/hazim/01- embedded systems avr tools/01- imt sdk/imt_sdk_win_64/imt_sdk_win_64/winavr/bin/../lib/gcc/avr/4.3.3/avr5\libgcc.a(_pack_sf.o)
                                0x19d (size before relaxing)
 .debug_str     0x00000272        0xb d:/hazim/01- embedded systems avr tools/01- imt sdk/imt_sdk_win_64/imt_sdk_win_64/winavr/bin/../lib/gcc/avr/4.3.3/avr5\libgcc.a(_unpack_sf.o)
                                0x17f (size before relaxing)
 .debug_str     0x0000027d       0x10 d:/hazim/01- embedded systems avr tools/01- imt sdk/imt_sdk_win_64/imt_sdk_win_64/winavr/bin/../lib/gcc/avr/4.3.3/avr5\libgcc.a(_fpcmp_parts_sf.o)
                                0x163 (size before relaxing)

.debug_loc      0x00000000      0x7ce
 *(.debug_loc)
 .debug_loc     0x00000000       0x34 d:/hazim/01- embedded systems avr tools/01- imt sdk/imt_sdk_win_64/imt_sdk_win_64/winavr/bin/../lib/gcc/avr/4.3.3/avr5\libgcc.a(_fixunssfsi.o)
 .debug_loc     0x00000034      0x32a d:/hazim/01- embedded systems avr tools/01- imt sdk/imt_sdk_win_64/imt_sdk_win_64/winavr/bin/../lib/gcc/avr/4.3.3/avr5\libgcc.a(_addsub_sf.o)
 .debug_loc     0x0000035e      0x104 d:/hazim/01- embedded systems avr tools/01- imt sdk/imt_sdk_win_64/imt_sdk_win_64/winavr/bin/../lib/gcc/avr/4.3.3/avr5\libgcc.a(_mul_sf.o)
 .debug_loc     0x00000462       0x3c d:/hazim/01- embedded systems avr tools/01- imt sdk/imt_sdk_win_64/imt_sdk_win_64/winavr/bin/../lib/gcc/avr/4.3.3/avr5\libgcc.a(_gt_sf.o)
 .debug_loc     0x0000049e       0x3c d:/hazim/01- embedded systems avr tools/01- imt sdk/imt_sdk_win_64/imt_sdk_win_64/winavr/bin/../lib/gcc/avr/4.3.3/avr5\libgcc.a(_ge_sf.o)
 .debug_loc     0x000004da       0x3c d:/hazim/01- embedded systems avr tools/01- imt sdk/imt_sdk_win_64/imt_sdk_win_64/winavr/bin/../lib/gcc/avr/4.3.3/avr5\libgcc.a(_lt_sf.o)
 .debug_loc     0x00000516       0x7e d:/hazim/01- embedded systems avr tools/01- imt sdk/imt_sdk_win_64/imt_sdk_win_64/winavr/bin/../lib/gcc/avr/4.3.3/avr5\libgcc.a(_sf_to_si.o)
 .debug_loc     0x00000594      0x13e d:/hazim/01- embedded systems avr tools/01- imt sdk/imt_sdk_win_64/imt_sdk_win_64/winavr/bin/../lib/gcc/avr/4.3.3/avr5\libgcc.a(_pack_sf.o)
 .debug_loc     0x000006d2       0xac d:/hazim/01- embedded systems avr tools/01- imt sdk/imt_sdk_win_64/imt_sdk_win_64/winavr/bin/../lib/gcc/avr/4.3.3/avr5\libgcc.a(_unpack_sf.o)
 .debug_loc     0x0000077e       0x50 d:/hazim/01- embedded systems avr tools/01- imt sdk/imt_sdk_win_64/imt_sdk_win_64/winavr/bin/../lib/gcc/avr/4.3.3/avr5\libgcc.a(_fpcmp_parts_sf.o)

.debug_macinfo
 *(.debug_macinfo)
OUTPUT(Analog_Clock.elf elf32-avr)
LOAD linker stubs

.debug_ranges   0x00000000       0x50
 .debug_ranges  0x00000000       0x50 d:/hazim/01- embedded systems avr tools/01- imt sdk/imt_sdk_win_64/imt_sdk_win_64/winavr/bin/../lib/gcc/avr/4.3.3/avr5\libgcc.a(_mul_sf.o)
